// SomeTableEnum represents the Postgres composite type "some_table_enum".
type SomeTableEnum struct {
	Foo DeviceType `json:"foo"`
}

// DeviceType represents the Postgres enum "device_type".
type DeviceType string

const (
	DeviceTypeIOS    DeviceType = "ios"
	DeviceTypeMobile DeviceType = "mobile"
)

func (d DeviceType) String() string { return string(d) }